{"sessionId": "8f022d", "runId": "pre-fix", "hypothesisId": "MLF", "location": "mlflow_process.py", "message": "ui started", "data": {"url": "http://127.0.0.1:5000", "pid": 19208}, "timestamp": 1779873351548}
{"sessionId": "8f022d", "runId": "pre-fix", "hypothesisId": "E", "location": "app.py:health", "message": "health check", "data": {"splits": true, "active_csv": true, "mlflow_db": true, "tracking_uri": "sqlite:///D:/Projet_ML_avance/mlflow.db"}, "timestamp": 1779873353276}
{"sessionId": "8f022d", "runId": "pre-fix", "hypothesisId": "B", "location": "app.py:_run_automl", "message": "mlflow configured", "data": {"uri": "sqlite:///D:/Projet_ML_avance/mlflow.db", "db_exists": true, "job_id": "d031a283-9fd6-4717-9202-d614cb9b533a"}, "timestamp": 1779873585528}
{"sessionId": "8f022d", "runId": "pre-fix", "hypothesisId": "B", "location": "app.py:_run_automl", "message": "mlflow configured", "data": {"uri": "sqlite:///D:/Projet_ML_avance/mlflow.db", "db_exists": true, "job_id": "b06e23a4-bc79-4e80-95ab-9f21a0957ebc"}, "timestamp": 1779873592909}
{"sessionId": "8f022d", "runId": "pre-fix", "hypothesisId": "B", "location": "app.py:_run_automl", "message": "mlflow configured", "data": {"uri": "sqlite:///D:/Projet_ML_avance/mlflow.db", "db_exists": true, "job_id": "7f2e19f8-75f9-4ccb-9925-1e695a772e22"}, "timestamp": 1779873640709}
{"sessionId": "8f022d", "runId": "pre-fix", "hypothesisId": "B", "location": "app.py:_run_automl", "message": "mlflow configured", "data": {"uri": "sqlite:///D:/Projet_ML_avance/mlflow.db", "db_exists": true, "job_id": "3e8109d1-2a43-4916-9df5-30b30dca42bd"}, "timestamp": 1779873663184}
{"sessionId": "8f022d", "runId": "pre-fix", "hypothesisId": "DRF", "location": "drift_service.py", "message": "drift complete", "data": {"drift_share": 0.375, "alert": "critical"}, "timestamp": 1779873664123}
{"sessionId": "8f022d", "runId": "pre-fix", "hypothesisId": "B", "location": "app.py:_run_automl", "message": "mlflow configured", "data": {"uri": "sqlite:///D:/Projet_ML_avance/mlflow.db", "db_exists": true, "job_id": "11d04204-413d-46f6-9579-02f8fad15686"}, "timestamp": 1779873786951}
{"sessionId": "8f022d", "runId": "pre-fix", "hypothesisId": "MLF", "location": "mlflow_process.py", "message": "ui started", "data": {"url": "http://127.0.0.1:5000", "pid": 20432}, "timestamp": 1779873864974}
{"sessionId": "8f022d", "runId": "pre-fix", "hypothesisId": "B", "location": "app.py:_run_automl", "message": "mlflow configured", "data": {"uri": "sqlite:///D:/Projet_ML_avance/mlflow.db", "db_exists": true, "job_id": "dd779911-caf3-45fc-8e58-56dbc5b227e9"}, "timestamp": 1779873880891}
{"sessionId": "8f022d", "runId": "pre-fix", "hypothesisId": "DRF", "location": "drift_service.py", "message": "drift complete", "data": {"drift_share": 0.375, "alert": "critical"}, "timestamp": 1779873882234}
{"sessionId": "8f022d", "runId": "pre-fix", "hypothesisId": "REG", "location": "registry_service.py", "message": "registered", "data": {"name": "mon_modele_production", "version": 5, "stage": "Production", "accuracy": 0.9696969696969697}, "timestamp": 1779874131656}
{"sessionId": "8f022d", "runId": "pre-fix", "hypothesisId": "B", "location": "app.py:_run_automl", "message": "mlflow configured", "data": {"uri": "sqlite:///D:/Projet_ML_avance/mlflow.db", "db_exists": true, "job_id": "1786437d-5065-4ffe-b434-5fbea5806514"}, "timestamp": 1779874419621}
{"sessionId": "8f022d", "runId": "pre-fix", "hypothesisId": "B", "location": "app.py:_run_automl", "message": "mlflow configured", "data": {"uri": "sqlite:///D:/Projet_ML_avance/mlflow.db", "db_exists": true, "job_id": "72ade424-815d-4b71-a6d6-d9c588fcb27b"}, "timestamp": 1779874514096}
{"sessionId": "8f022d", "runId": "pre-fix", "hypothesisId": "DRF", "location": "drift_service.py", "message": "drift complete", "data": {"drift_share": 0.375, "alert": "critical"}, "timestamp": 1779874514483}
{"sessionId": "8f022d", "runId": "pre-fix", "hypothesisId": "B", "location": "app.py:_run_automl", "message": "mlflow configured", "data": {"uri": "sqlite:///D:/Projet_ML_avance/mlflow.db", "db_exists": true, "job_id": "e8a3a21f-e1e8-41d1-8e1e-0af21c36e3d0"}, "timestamp": 1779877826597}
{"sessionId": "8f022d", "runId": "pre-fix", "hypothesisId": "DRF", "location": "drift_service.py", "message": "drift complete", "data": {"drift_share": 0.375, "alert": "critical"}, "timestamp": 1779877828204}
{"sessionId": "8f022d", "runId": "pre-fix", "hypothesisId": "MLF", "location": "mlflow_process.py", "message": "ui already up", "data": {"url": "http://127.0.0.1:5000", "port": 5000}, "timestamp": 1779877961828}
{"sessionId": "8f022d", "runId": "pre-fix", "hypothesisId": "MLF", "location": "mlflow_process.py", "message": "ui already up", "data": {"url": "http://127.0.0.1:5000", "port": 5000}, "timestamp": 1779914489963}
{"sessionId": "8f022d", "runId": "pre-fix", "hypothesisId": "D", "location": "app.py:train", "message": "manual train start", "data": {"uri": "sqlite:///D:/Projet_ML_avance/mlflow.db", "model_id": "nn"}, "timestamp": 1779914706306}
{"sessionId": "8f022d", "runId": "pre-fix", "hypothesisId": "D", "location": "app.py:train", "message": "manual train start", "data": {"uri": "sqlite:///D:/Projet_ML_avance/mlflow.db", "model_id": "nn"}, "timestamp": 1779914733183}
{"sessionId": "8f022d", "runId": "pre-fix", "hypothesisId": "MLF", "location": "mlflow_process.py", "message": "ui started", "data": {"url": "http://127.0.0.1:5000", "pid": 2676}, "timestamp": 1779915262346}
{"sessionId": "8f022d", "runId": "pre-fix", "hypothesisId": "B", "location": "app.py:_run_automl", "message": "mlflow configured", "data": {"uri": "sqlite:///D:/Projet_ML_avance/mlflow.db", "db_exists": true, "job_id": "189b46e1-0510-494a-8487-bf046131efd9"}, "timestamp": 1779915343330}
{"sessionId": "8f022d", "runId": "pre-fix", "hypothesisId": "B", "location": "app.py:_run_automl", "message": "mlflow configured", "data": {"uri": "sqlite:///D:/Projet_ML_avance/mlflow.db", "db_exists": true, "job_id": "f9791f54-6cde-4f5f-923e-619006c9ea08"}, "timestamp": 1779915352258}
{"sessionId": "8f022d", "runId": "pre-fix", "hypothesisId": "B", "location": "app.py:_run_automl", "message": "mlflow configured", "data": {"uri": "sqlite:///D:/Projet_ML_avance/mlflow.db", "db_exists": true, "job_id": "c3abf50f-8c3d-4c4c-91e7-0175a66bf94f"}, "timestamp": 1779915630897}
{"sessionId": "8f022d", "runId": "pre-fix", "hypothesisId": "DRF", "location": "drift_service.py", "message": "drift complete", "data": {"drift_share": 0.375, "alert": "critical"}, "timestamp": 1779915631356}
